

================================================================
== Vivado HLS Report for 'kernel5'
================================================================
* Date:           Sun May 22 23:38:41 2022

* Version:        2016.4 (Build 1756540 on Mon Jan 23 19:31:01 MST 2017)
* Project:        prj_kernel5
* Solution:       solution1
* Product family: kintex7
* Target device:  xc7k160tfbg484-1


================================================================
== Performance Estimates
================================================================
+ Timing (ns): 
    * Summary: 
    +--------+-------+----------+------------+
    |  Clock | Target| Estimated| Uncertainty|
    +--------+-------+----------+------------+
    |ap_clk  |  10.00|      7.72|        1.25|
    +--------+-------+----------+------------+

+ Latency (clock cycles): 
    * Summary: 
    +-----+-----+-----+-----+---------+
    |  Latency  |  Interval | Pipeline|
    | min | max | min | max |   Type  |
    +-----+-----+-----+-----+---------+
    |    ?|    ?|    ?|    ?|   none  |
    +-----+-----+-----+-----+---------+

    + Detail: 
        * Instance: 
        N/A

        * Loop: 
        +----------+-----+-----+----------+-----------+-----------+------+----------+
        |          |  Latency  | Iteration|  Initiation Interval  | Trip |          |
        | Loop Name| min | max |  Latency |  achieved |   target  | Count| Pipelined|
        +----------+-----+-----+----------+-----------+-----------+------+----------+
        |- Loop 1  |    ?|    ?|         6|          1|          1|     ?|    yes   |
        +----------+-----+-----+----------+-----------+-----------+------+----------+



================================================================
== Utilization Estimates
================================================================
* Summary: 
+-----------------+---------+-------+--------+--------+
|       Name      | BRAM_18K| DSP48E|   FF   |   LUT  |
+-----------------+---------+-------+--------+--------+
|DSP              |        -|      -|       -|       -|
|Expression       |        -|      -|       0|      58|
|FIFO             |        -|      -|       -|       -|
|Instance         |        -|      0|      66|      66|
|Memory           |        -|      -|       -|       -|
|Multiplexer      |        -|      -|       -|      34|
|Register         |        -|      -|      43|       -|
+-----------------+---------+-------+--------+--------+
|Total            |        0|      0|     109|     158|
+-----------------+---------+-------+--------+--------+
|Available        |      650|    600|  202800|  101400|
+-----------------+---------+-------+--------+--------+
|Utilization (%)  |        0|      0|   ~0   |   ~0   |
+-----------------+---------+-------+--------+--------+

+ Detail: 
    * Instance: 
    +-------------------------+----------------------+---------+-------+----+----+
    |         Instance        |        Module        | BRAM_18K| DSP48E| FF | LUT|
    +-------------------------+----------------------+---------+-------+----+----+
    |kernel5_fcmp_32nscud_U2  |kernel5_fcmp_32nscud  |        0|      0|  66|  66|
    +-------------------------+----------------------+---------+-------+----+----+
    |Total                    |                      |        0|      0|  66|  66|
    +-------------------------+----------------------+---------+-------+----+----+

    * DSP48: 
    N/A

    * Memory: 
    N/A

    * FIFO: 
    N/A

    * Expression: 
    +-------------------+----------+-------+---+----+------------+------------+
    |   Variable Name   | Operation| DSP48E| FF| LUT| Bitwidth P0| Bitwidth P1|
    +-------------------+----------+-------+---+----+------------+------------+
    |i_1_fu_221_p2      |     +    |      0|  0|  32|           1|          32|
    |tmp_10_fu_193_p2   |    and   |      0|  0|   1|           1|           1|
    |tmp_2_fu_215_p2    |    and   |      0|  0|   1|           1|           1|
    |tmp_s_fu_188_p2    |    and   |      0|  0|   1|           1|           1|
    |icmp_fu_209_p2     |   icmp   |      0|  0|   8|          22|           1|
    |notlhs1_fu_134_p2  |   icmp   |      0|  0|   3|           8|           2|
    |notlhs_fu_170_p2   |   icmp   |      0|  0|   1|           1|           2|
    |notrhs2_fu_140_p2  |   icmp   |      0|  0|   8|          23|           1|
    |notrhs_fu_176_p2   |   icmp   |      0|  0|   1|           1|           1|
    |tmp_8_fu_182_p2    |    or    |      0|  0|   1|           1|           1|
    |tmp_9_fu_146_p2    |    or    |      0|  0|   1|           1|           1|
    +-------------------+----------+-------+---+----+------------+------------+
    |Total              |          |      0|  0|  58|          61|          44|
    +-------------------+----------+-------+---+----+------------+------------+

    * Multiplexer: 
    +-------------------------+----+-----------+-----+-----------+
    |           Name          | LUT| Input Size| Bits| Total Bits|
    +-------------------------+----+-----------+-----+-----------+
    |ap_NS_fsm                |   1|          4|    1|          4|
    |ap_enable_reg_pp0_iter5  |   1|          2|    1|          2|
    |i_reg_84                 |  32|          2|   32|         64|
    +-------------------------+----+-----------+-----+-----------+
    |Total                    |  34|          8|   34|         70|
    +-------------------------+----+-----------+-----+-----------+

    * Register: 
    +-------------------------+----+----+-----+-----------+
    |           Name          | FF | LUT| Bits| Const Bits|
    +-------------------------+----+----+-----+-----------+
    |ap_CS_fsm                |   3|   0|    3|          0|
    |ap_enable_reg_pp0_iter0  |   1|   0|    1|          0|
    |ap_enable_reg_pp0_iter1  |   1|   0|    1|          0|
    |ap_enable_reg_pp0_iter2  |   1|   0|    1|          0|
    |ap_enable_reg_pp0_iter3  |   1|   0|    1|          0|
    |ap_enable_reg_pp0_iter4  |   1|   0|    1|          0|
    |ap_enable_reg_pp0_iter5  |   1|   0|    1|          0|
    |i_reg_84                 |  32|   0|   32|          0|
    |sum_s_reg_95             |   0|   0|   32|         32|
    |tmp_2_reg_243            |   1|   0|    1|          0|
    |tmp_9_reg_238            |   1|   0|    1|          0|
    +-------------------------+----+----+-----+-----------+
    |Total                    |  43|   0|   75|         32|
    +-------------------------+----+----+-----+-----------+



================================================================
== Interface
================================================================
* Summary: 
+------------+-----+-----+------------+--------------+--------------+
|  RTL Ports | Dir | Bits|  Protocol  | Source Object|    C Type    |
+------------+-----+-----+------------+--------------+--------------+
|ap_clk      |  in |    1| ap_ctrl_hs |    kernel5   | return value |
|ap_rst      |  in |    1| ap_ctrl_hs |    kernel5   | return value |
|ap_start    |  in |    1| ap_ctrl_hs |    kernel5   | return value |
|ap_done     | out |    1| ap_ctrl_hs |    kernel5   | return value |
|ap_idle     | out |    1| ap_ctrl_hs |    kernel5   | return value |
|ap_ready    | out |    1| ap_ctrl_hs |    kernel5   | return value |
|ap_return   | out |   32| ap_ctrl_hs |    kernel5   | return value |
|bound       |  in |   32|   ap_none  |     bound    |    scalar    |
|a_address0  | out |   10|  ap_memory |       a      |     array    |
|a_ce0       | out |    1|  ap_memory |       a      |     array    |
|a_q0        |  in |   32|  ap_memory |       a      |     array    |
|b_address0  | out |   10|  ap_memory |       b      |     array    |
|b_ce0       | out |    1|  ap_memory |       b      |     array    |
|b_q0        |  in |   32|  ap_memory |       b      |     array    |
+------------+-----+-----+------------+--------------+--------------+

